// Jest Snapshot v1, https://goo.gl/fbAQLP

exports[`Pruebas en <GifItem /> debe hacer match con el snapshot 1`] = `
<div>
  <div
    class="card"
  >
    <img
      alt="cat GIF"
      src="https://www.url.com/"
    />
    <p>
      cat GIF
    </p>
  </div>
</div>
`;
